Copyright 1986-2019 Xilinx, Inc. All Rights Reserved.
------------------------------------------------------------------------------------
| Tool Version : Vivado v.2019.1 (win64) Build 2552052 Fri May 24 14:49:42 MDT 2019
| Date         : Thu Oct  1 19:38:21 2020
| Host         : LAPTOP-GBOUD091 running 64-bit major release  (build 9200)
| Command      : report_control_sets -verbose -file top_control_sets_placed.rpt
| Design       : top
| Device       : xc7z020
------------------------------------------------------------------------------------

Control Set Information

Table of Contents
-----------------
1. Summary
2. Histogram
3. Flip-Flop Distribution
4. Detailed Control Set Information

1. Summary
----------

+----------------------------------------------------------+-------+
|                          Status                          | Count |
+----------------------------------------------------------+-------+
| Total control sets                                       |    55 |
|    Minimum number of control sets                        |    55 |
|    Addition due to synthesis replication                 |     0 |
|    Addition due to physical synthesis replication        |     0 |
| Unused register locations in slices containing registers |    94 |
+----------------------------------------------------------+-------+
* Control sets can be merged at opt_design using control_set_merge or merge_equivalent_drivers
** Run report_qor_suggestions for automated merging and remapping suggestions


2. Histogram
------------

+--------------------+-------+
|       Fanout       | Count |
+--------------------+-------+
| Total control sets |    55 |
| >= 0 to < 4        |     1 |
| >= 4 to < 6        |     5 |
| >= 6 to < 8        |     1 |
| >= 8 to < 10       |    15 |
| >= 10 to < 12      |     1 |
| >= 12 to < 14      |     1 |
| >= 14 to < 16      |     0 |
| >= 16              |    31 |
+--------------------+-------+
* Control sets can be remapped at either synth_design or opt_design


3. Flip-Flop Distribution
-------------------------

+--------------+-----------------------+------------------------+-----------------+--------------+
| Clock Enable | Synchronous Set/Reset | Asynchronous Set/Reset | Total Registers | Total Slices |
+--------------+-----------------------+------------------------+-----------------+--------------+
| No           | No                    | No                     |             253 |           72 |
| No           | No                    | Yes                    |             222 |           69 |
| No           | Yes                   | No                     |             136 |           54 |
| Yes          | No                    | No                     |             238 |           71 |
| Yes          | No                    | Yes                    |             349 |           88 |
| Yes          | Yes                   | No                     |             292 |           82 |
+--------------+-----------------------+------------------------+-----------------+--------------+


4. Detailed Control Set Information
-----------------------------------

+------------------------------+------------------------------------------------------------------------------------------------------------------+------------------------------------------------------------+------------------+----------------+
|         Clock Signal         |                                                   Enable Signal                                                  |                      Set/Reset Signal                      | Slice Load Count | Bel Load Count |
+------------------------------+------------------------------------------------------------------------------------------------------------------+------------------------------------------------------------+------------------+----------------+
|  lclk_mmcm_0/inst/clk_125MHz | CUPPA_0/UART_DEBUG_0/FT232R_HS_0/RS232_SER_0/tx_i_1_n_0                                                          | DIG_SPI/IILC_SCLK_0/bbstub_locked                          |                1 |              1 |
|  lclk_mmcm_0/inst/clk_125MHz | CUPPA_0/UART_DEBUG_0/UART_PROC_HS_0/logic_adr_reg[11]_i_1_n_0                                                    | CUPPA_0/UART_DEBUG_0/UART_PROC_HS_0/CRC16_8B_P_0/SR[0]     |                2 |              4 |
|  lclk_mmcm_0/inst/clk_125MHz | DIG_SPI/SERIAL_CK_0/i_cnt_1_2[31]_i_2__0_n_0                                                                     | DIG_SPI/SERIAL_CK_0/i_cnt_1_2[5]_i_1__0_n_0                |                1 |              4 |
|  lclk_mmcm_0/inst/clk_125MHz | DAC_SPI/SERIAL_CK_0/i_cnt_1_2[31]_i_2_n_0                                                                        | DAC_SPI/SERIAL_CK_0/i_cnt_1_2[8]_i_1_n_0                   |                1 |              4 |
|  lclk_mmcm_0/inst/clk_125MHz | CUPPA_0/UART_DEBUG_0/UART_PROC_HS_0/FSM_sequential_fsm[4]_i_2_n_0                                                | CUPPA_0/UART_DEBUG_0/UART_PROC_HS_0/CRC16_8B_P_0/SR[0]     |                3 |              5 |
|  lclk_mmcm_0/inst/clk_125MHz | CUPPA_0/UART_DEBUG_0/UART_PROC_HS_0/cur_state[4]_i_2_n_0                                                         | CUPPA_0/UART_DEBUG_0/UART_PROC_HS_0/cur_state[4]_i_1_n_0   |                2 |              5 |
|  lclk_mmcm_0/inst/clk_125MHz | lclk_mmcm_0/inst/locked                                                                                          |                                                            |                3 |              6 |
|  lclk_mmcm_0/inst/clk_125MHz | CUPPA_0/UART_DEBUG_0/FT232R_HS_0/RS232_SER_0/shift_reg_0                                                         | DIG_SPI/IILC_SCLK_0/bbstub_locked                          |                2 |              8 |
|  lclk_mmcm_0/inst/clk_125MHz | CUPPA_0/CRSM_0/E[1]                                                                                              |                                                            |                3 |              8 |
|  lclk_mmcm_0/inst/clk_125MHz | CUPPA_0/UART_DEBUG_0/UART_PROC_HS_0/len[7]_i_1_n_0                                                               | CUPPA_0/UART_DEBUG_0/UART_PROC_HS_0/CRC16_8B_P_0/SR[0]     |                4 |              8 |
|  lclk_mmcm_0/inst/clk_125MHz | CUPPA_0/UART_DEBUG_0/UART_PROC_HS_0/logic_adr_reg[7]_i_1_n_0                                                     | CUPPA_0/UART_DEBUG_0/UART_PROC_HS_0/CRC16_8B_P_0/SR[0]     |                2 |              8 |
|  lclk_mmcm_0/inst/clk_125MHz | CUPPA_0/UART_DEBUG_0/UART_PROC_HS_0/logic_wr_data[7]_i_1_n_0                                                     | CUPPA_0/UART_DEBUG_0/UART_PROC_HS_0/CRC16_8B_P_0/SR[0]     |                4 |              8 |
|  lclk_mmcm_0/inst/clk_125MHz | CUPPA_0/UART_DEBUG_0/UART_PROC_HS_0/logic_wr_data[15]_i_1_n_0                                                    | CUPPA_0/UART_DEBUG_0/UART_PROC_HS_0/CRC16_8B_P_0/SR[0]     |                2 |              8 |
|  lclk_mmcm_0/inst/clk_125MHz | DIG_SPI/SERIAL_TX_0/y0_carry__1_n_1                                                                              | DIG_SPI/SERIAL_TX_0/sr_cnt[7]_i_1_n_0                      |                2 |              8 |
|  lclk_mmcm_0/inst/clk_125MHz | CUPPA_0/UART_DEBUG_0/UART_PROC_HS_0/crc_en_0                                                                     | CUPPA_0/UART_DEBUG_0/UART_PROC_HS_0/CRC16_8B_P_0/SR[0]     |                2 |              8 |
|  lclk_mmcm_0/inst/clk_125MHz | CUPPA_0/UART_DEBUG_0/UART_PROC_HS_0/crc_in[15]_i_1_n_0                                                           | CUPPA_0/UART_DEBUG_0/UART_PROC_HS_0/CRC16_8B_P_0/SR[0]     |                2 |              8 |
|  lclk_mmcm_0/inst/clk_125MHz | DIG_SPI/SERIAL_RX_0/data[7]_i_1_n_0                                                                              | DIG_SPI/IILC_SCLK_0/bbstub_locked                          |                2 |              8 |
|  lclk_mmcm_0/inst/clk_125MHz | CUPPA_0/UART_DEBUG_0/UART_PROC_HS_0/crc_in[7]_i_1_n_0                                                            | CUPPA_0/UART_DEBUG_0/UART_PROC_HS_0/CRC16_8B_P_0/SR[0]     |                2 |              8 |
|  lclk_mmcm_0/inst/clk_125MHz | CUPPA_0/UART_DEBUG_0/UART_PROC_HS_0/len[15]_i_1_n_0                                                              | CUPPA_0/UART_DEBUG_0/UART_PROC_HS_0/CRC16_8B_P_0/SR[0]     |                4 |              8 |
|  lclk_mmcm_0/inst/clk_125MHz | DAC_SPI/SERIAL_TX_0/sr_cnt_reg[7]_i_2_n_1                                                                        | DAC_SPI/SERIAL_TX_0/sr_cnt[7]_i_1__0_n_0                   |                2 |              8 |
|  lclk_mmcm_0/inst/clk_125MHz | CUPPA_0/UART_DEBUG_0/FT232R_HS_0/RS232_DES_0/rx_fifo_data[7]_i_1_n_0                                             | DIG_SPI/IILC_SCLK_0/bbstub_locked                          |                4 |              8 |
|  lclk_mmcm_0/inst/clk_125MHz | CUPPA_0/UART_DEBUG_0/UART_PROC_HS_0/uart_rsp_data[7]_i_1_n_0                                                     | CUPPA_0/UART_DEBUG_0/UART_PROC_HS_0/CRC16_8B_P_0/SR[0]     |                3 |              9 |
|  lclk_mmcm_0/inst/clk_125MHz |                                                                                                                  | CUPPA_0/UART_DEBUG_0/UART_PROC_HS_0/CRC16_8B_P_0/SR[0]     |                9 |             10 |
|  lclk_mmcm_0/inst/clk_125MHz | CUPPA_0/CRSM_0/y_adr[11]_i_1_n_0                                                                                 | DIG_SPI/IILC_SCLK_0/bbstub_locked                          |                2 |             12 |
|  lclk_mmcm_0/inst/clk_125MHz | CUPPA_0/CRSM_0/y_wr_data[15]_i_1_n_0                                                                             | DIG_SPI/IILC_SCLK_0/bbstub_locked                          |                2 |             16 |
|  lclk_mmcm_0/inst/clk_125MHz | CUPPA_0/CRSM_0/y_wr_reg_0[0]                                                                                     |                                                            |                4 |             16 |
|  lclk_mmcm_0/inst/clk_125MHz | CUPPA_0/UART_DEBUG_0/UART_PROC_HS_0/crc_en                                                                       | CUPPA_0/UART_DEBUG_0/UART_PROC_HS_0/CRC16_8B_P_0/rst0      |                5 |             16 |
|  lclk_mmcm_0/inst/clk_125MHz | CUPPA_0/CRSM_0/i_rd_data[15]_i_1_n_0                                                                             |                                                            |                7 |             16 |
|  lclk_mmcm_0/inst/clk_125MHz | CUPPA_0/CRSM_0/E[0]                                                                                              |                                                            |                3 |             16 |
|  lclk_mmcm_0/inst/clk_125MHz | DIG_SPI/SERIAL_TX_0/sr[15]_i_1__0_n_0                                                                            |                                                            |                5 |             17 |
|  lclk_mmcm_0/inst/clk_125MHz | CUPPA_0/UART_DEBUG_0/FIFO_2048_32_0/U0/inst_fifo_gen/gconvfifo.rf/grf.rf/gntv_or_sync_fifo.gl0.rd/grss.rsts/E[0] |                                                            |                6 |             22 |
|  lclk_mmcm_0/inst/clk_125MHz | CUPPA_0/UART_DEBUG_0/FIFO_2048_32_0/U0/inst_fifo_gen/gconvfifo.rf/grf.rf/gntv_or_sync_fifo.gl0.wr/gwss.wsts/E[0] |                                                            |                5 |             22 |
|  lclk_mmcm_0/inst/clk_125MHz | DAC_SPI/SERIAL_TX_0/sr[23]_i_1_n_0                                                                               |                                                            |                8 |             25 |
|  lclk_mmcm_0/inst/clk_125MHz | DIG_SPI/SERIAL_CK_0/i_cnt_1_2[31]_i_2__0_n_0                                                                     | DIG_SPI/SERIAL_CK_0/i_cnt_1_2[31]_i_1__0_n_0               |                8 |             28 |
|  lclk_mmcm_0/inst/clk_125MHz | DAC_SPI/SERIAL_CK_0/i_cnt_1_2[31]_i_2_n_0                                                                        | DAC_SPI/SERIAL_CK_0/i_cnt_1_2[31]_i_1_n_0                  |                9 |             28 |
|  lclk_mmcm_0/inst/clk_125MHz | DAC_SPI/IILC_MOSI_0/i_dy[2]_i_1_n_0                                                                              | DIG_SPI/IILC_SCLK_0/bbstub_locked                          |                9 |             30 |
|  lclk_mmcm_0/inst/clk_125MHz | DAC_SPI/SERIAL_TX_0/i_cnt_1[31]_i_1__1_n_0                                                                       |                                                            |                9 |             30 |
|  lclk_mmcm_0/inst/clk_125MHz | DAC_SPI/IILC_SCLK_0/i_dy[2]_i_1__0_n_0                                                                           | DIG_SPI/IILC_SCLK_0/bbstub_locked                          |                9 |             30 |
|  lclk_mmcm_0/inst/clk_125MHz | DIG_SPI/IILC_MISO_0/i_dy[2]_i_1__2_n_0                                                                           | DIG_SPI/IILC_SCLK_0/bbstub_locked                          |                9 |             30 |
|  lclk_mmcm_0/inst/clk_125MHz | DIG_SPI/SERIAL_TX_0/i_cnt_1[31]_i_1__0_n_0                                                                       |                                                            |                9 |             30 |
|  lclk_mmcm_0/inst/clk_125MHz | DIG_SPI/SERIAL_RX_0/i_cnt_1[31]_i_1_n_0                                                                          |                                                            |                9 |             30 |
|  lclk_mmcm_0/inst/clk_125MHz | DIG_SPI/IILC_MOSI_0/i_dy[2]_i_1__1_n_0                                                                           | DIG_SPI/IILC_SCLK_0/bbstub_locked                          |                9 |             30 |
|  lclk_mmcm_0/inst/clk_125MHz | DIG_SPI/IILC_SCLK_0/i_dy[2]_i_1__3_n_0                                                                           | DIG_SPI/IILC_SCLK_0/bbstub_locked                          |                9 |             30 |
|  lclk_mmcm_0/inst/clk_125MHz | DAC_SPI/IILC_MISO_0/i_dy[1]_i_1_n_0                                                                              | DIG_SPI/IILC_SCLK_0/bbstub_locked                          |                9 |             31 |
|  lclk_mmcm_0/inst/clk_125MHz | DIG_SPI/cnt[31]_i_1__0_n_0                                                                                       | DIG_SPI/IILC_SCLK_0/bbstub_locked                          |                7 |             32 |
|  lclk_mmcm_0/inst/clk_125MHz |                                                                                                                  | DIG_SPI/IILC_MISO_0/max_cnt_reg[31]_i_8_0                  |                9 |             32 |
|  lclk_mmcm_0/inst/clk_125MHz |                                                                                                                  | CUPPA_0/UART_DEBUG_0/UART_PROC_HS_0/timeout_cnt[0]_i_1_n_0 |                8 |             32 |
|  lclk_mmcm_0/inst/clk_125MHz | DAC_SPI/SERIAL_CK_0/cyc_cnt                                                                                      | DIG_SPI/IILC_SCLK_0/bbstub_locked                          |                6 |             32 |
|  lclk_mmcm_0/inst/clk_125MHz | DAC_SPI/SERIAL_CK_0/i_cnt_2_1[31]_i_2_n_0                                                                        | DAC_SPI/SERIAL_CK_0/i_cnt_2_1[31]_i_1_n_0                  |                5 |             32 |
|  lclk_mmcm_0/inst/clk_125MHz | DIG_SPI/SERIAL_CK_0/cyc_cnt                                                                                      | DIG_SPI/IILC_SCLK_0/bbstub_locked                          |                6 |             32 |
|  lclk_mmcm_0/inst/clk_125MHz | DIG_SPI/SERIAL_CK_0/i_cnt_2_1[31]_i_2__0_n_0                                                                     | DIG_SPI/SERIAL_CK_0/i_cnt_2_1[31]_i_1__0_n_0               |                6 |             32 |
|  lclk_mmcm_0/inst/clk_125MHz | DAC_SPI/cnt[31]_i_1_n_0                                                                                          | DIG_SPI/IILC_SCLK_0/bbstub_locked                          |                5 |             32 |
|  lclk_mmcm_0/inst/clk_125MHz | DIG_SPI/SERIAL_RX_0/sr_cnt[0]_i_1__1_n_0                                                                         | DIG_SPI/IILC_SCLK_0/bbstub_locked                          |                8 |             32 |
|  lclk_mmcm_0/inst/clk_125MHz |                                                                                                                  |                                                            |               72 |            253 |
|  lclk_mmcm_0/inst/clk_125MHz |                                                                                                                  | DIG_SPI/IILC_SCLK_0/bbstub_locked                          |               97 |            284 |
+------------------------------+------------------------------------------------------------------------------------------------------------------+------------------------------------------------------------+------------------+----------------+


