Copyright 1986-2019 Xilinx, Inc. All Rights Reserved.
-----------------------------------------------------------------------------------------------------------------------------------------------
| Tool Version : Vivado v.2019.1 (win64) Build 2552052 Fri May 24 14:49:42 MDT 2019
| Date         : Mon Oct  5 16:46:21 2020
| Host         : LAPTOP-GBOUD091 running 64-bit major release  (build 9200)
| Command      : report_methodology -file top_methodology_drc_routed.rpt -pb top_methodology_drc_routed.pb -rpx top_methodology_drc_routed.rpx
| Design       : top
| Device       : xc7z020clg484-1
| Speed File   : -1
| Design State : Fully Routed
-----------------------------------------------------------------------------------------------------------------------------------------------

Report Methodology

Table of Contents
-----------------
1. REPORT SUMMARY
2. REPORT DETAILS

1. REPORT SUMMARY
-----------------
            Netlist: netlist
          Floorplan: design_1
      Design limits: <entire design considered>
             Max violations: <unlimited>
             Violations found: 2
+---------+----------+------------------------------+------------+
| Rule    | Severity | Description                  | Violations |
+---------+----------+------------------------------+------------+
| LUTAR-1 | Warning  | LUT drives async reset alert | 2          |
+---------+----------+------------------------------+------------+

2. REPORT DETAILS
-----------------
LUTAR-1#1 Warning
LUT drives async reset alert  
LUT cell CUPPA_0/UART_DEBUG_0/UART_PROC_HS_0/CRC16_8B_P_0/FSM_sequential_fsm[4]_i_1, with 2 or more inputs, drives asynchronous preset/clear pin(s) CUPPA_0/UART_DEBUG_0/UART_PROC_HS_0/NEDGE_0/ff_reg/CLR, CUPPA_0/UART_DEBUG_0/UART_PROC_HS_0/NEDGE_1/ff_reg/CLR. The LUT may glitch and trigger an unexpected reset, even if it is a properly timed path.
Related violations: <none>

LUTAR-1#2 Warning
LUT drives async reset alert  
LUT cell DIG_SPI/IILC_SCLK_0/cnt[0]_i_2__4, with 2 or more inputs, drives asynchronous preset/clear pin(s) CUPPA_0/CRSM_0/NEDGE_0/ff_reg/CLR, CUPPA_0/UART_DEBUG_0/FT232R_HS_0/NEDGE_0/ff_reg/CLR, CUPPA_0/UART_DEBUG_0/FT232R_HS_0/RS232_DES_0/NEDGE0/ff_reg/CLR, CUPPA_0/UART_DEBUG_0/FT232R_HS_0/RS232_DES_0/SYNC0/ff_reg[0]/CLR, CUPPA_0/UART_DEBUG_0/FT232R_HS_0/RS232_DES_0/SYNC0/ff_reg[1]/CLR, DAC_SPI/FSM_sequential_fsm_reg[0]/CLR, DAC_SPI/FSM_sequential_fsm_reg[1]/CLR, DAC_SPI/ack_reg/CLR, DAC_SPI/cnt_reg[0]/CLR, DAC_SPI/cnt_reg[10]/CLR, DAC_SPI/cnt_reg[11]/CLR, DAC_SPI/cnt_reg[12]/CLR, DAC_SPI/cnt_reg[13]/CLR, DAC_SPI/cnt_reg[14]/CLR, DAC_SPI/cnt_reg[15]/CLR (the first 15 of 569 listed). The LUT may glitch and trigger an unexpected reset, even if it is a properly timed path.
Related violations: <none>


